// Jest Snapshot v1, https://goo.gl/fbAQLP

exports[`App App component should mount 1`] = `ShallowWrapper {}`;
