// Jest Snapshot v1, https://goo.gl/fbAQLP

exports[`Checkout works 1`] = `ReactWrapper {}`;
